Microsoft Windows [Version 10.0.19042.1466]
(c) Microsoft Corporation. All rights reserved.

C:\Users\justinph615>cd C:\Users\justinph615\Desktop\mtec1003\lab-15-personal-site

C:\Users\justinph615\Desktop\mtec1003\lab-15-personal-site>ls
 Braglet4.png  'Site URL.txt'   braglet.png    braglet3.jpg   index.html
 README.md      about.html      braglet2.png   contact.html   portfolio.html

C:\Users\justinph615\Desktop\mtec1003\lab-15-personal-site>git status
On branch gh-pages
Changes not staged for commit:
  (use "git add <file>..." to update what will be committed)
  (use "git restore <file>..." to discard changes in working directory)
        modified:   Site URL.txt
        modified:   about.html
        modified:   contact.html
        modified:   index.html
        modified:   portfolio.html

no changes added to commit (use "git add" and/or "git commit -a")

C:\Users\justinph615\Desktop\mtec1003\lab-15-personal-site>git add .

C:\Users\justinph615\Desktop\mtec1003\lab-15-personal-site>git status
On branch gh-pages
Changes to be committed:
  (use "git restore --staged <file>..." to unstage)
        modified:   Site URL.txt
        modified:   about.html
        modified:   contact.html
        modified:   index.html
        modified:   portfolio.html


C:\Users\justinph615\Desktop\mtec1003\lab-15-personal-site>git branch
* gh-pages
  master
  site

C:\Users\justinph615\Desktop\mtec1003\lab-15-personal-site>git commit -m "updated nav size and color"
[gh-pages 3f1951d] updated nav size and color
 5 files changed, 189 insertions(+), 26 deletions(-)

C:\Users\justinph615\Desktop\mtec1003\lab-15-personal-site>git push origin gh-pages
Enumerating objects: 13, done.
Counting objects: 100% (13/13), done.
Delta compression using up to 4 threads
Compressing objects: 100% (7/7), done.
Writing objects: 100% (7/7), 2.34 KiB | 800.00 KiB/s, done.
Total 7 (delta 5), reused 0 (delta 0), pack-reused 0
remote: Resolving deltas: 100% (5/5), completed with 5 local objects.
To https://github.com/justinph615/lab-15-personal-site.git
   d37b87b..3f1951d  gh-pages -> gh-pages

C:\Users\justinph615\Desktop\mtec1003\lab-15-personal-site>git status
On branch gh-pages
Changes not staged for commit:
  (use "git add <file>..." to update what will be committed)
  (use "git restore <file>..." to discard changes in working directory)
        modified:   about.html
        modified:   contact.html
        modified:   index.html
        modified:   portfolio.html

no changes added to commit (use "git add" and/or "git commit -a")

C:\Users\justinph615\Desktop\mtec1003\lab-15-personal-site>git add .

C:\Users\justinph615\Desktop\mtec1003\lab-15-personal-site>git status
On branch gh-pages
Changes to be committed:
  (use "git restore --staged <file>..." to unstage)
        modified:   about.html
        modified:   contact.html
        modified:   index.html
        modified:   portfolio.html


C:\Users\justinph615\Desktop\mtec1003\lab-15-personal-site>git commit -m "added css media for responsive nav"
[gh-pages 4b5d4dc] added css media for responsive nav
 4 files changed, 80 insertions(+), 6 deletions(-)

C:\Users\justinph615\Desktop\mtec1003\lab-15-personal-site>git push origin gh-pages
Enumerating objects: 11, done.
Counting objects: 100% (11/11), done.
Delta compression using up to 4 threads
Compressing objects: 100% (6/6), done.
Writing objects: 100% (6/6), 974 bytes | 487.00 KiB/s, done.
Total 6 (delta 5), reused 0 (delta 0), pack-reused 0
remote: Resolving deltas: 100% (5/5), completed with 5 local objects.
To https://github.com/justinph615/lab-15-personal-site.git
   3f1951d..4b5d4dc  gh-pages -> gh-pages

C:\Users\justinph615\Desktop\mtec1003\lab-15-personal-site>